// Jest Snapshot v1, https://goo.gl/fbAQLP

exports[`queue.spec throw if no client provided 1`] = `"Model must be inititated with client"`;
