// Jest Snapshot v1, https://goo.gl/fbAQLP

exports[`client error if no apiKey provided to client 1`] = `"Missing required first paramater \`apiToken\`"`;

exports[`client logs in debug mode 1`] = `
Array [
  Array [
    "test",
    "\\"param1\\"",
    "{\\"a\\":1}",
  ],
]
`;
